// Jest Snapshot v1, https://goo.gl/fbAQLP

exports[`PokemonPage pages debe hacer match con el snapshot 1`] = `
<div class="container">
  <h1>Espere por favor ...</h1>
</div>
`;

exports[`PokemonPage pages debe hacer match con el snapshot cuando cargan los pokemon 1`] = `
<div class="container">
  <div>
    <h1 class="title">¿Quién es este pokémon?</h1><!-- TODO: img -->
    <!-- TODO: Opciones -->
    <div class="pokemon-container"><img src="https://raw.githubusercontent.com/PokeAPI/sprites/master/sprites/pokemon/other/dream-world/1.svg" alt="pokemon" class="hidden-pokemon"></div>
    <div class="options-container">
      <ul>
        <li>bulbasaur</li>
        <li>ivysaur</li>
        <li>venusaur</li>
        <li>charmander</li>
      </ul>
    </div>
    <!--v-if-->
  </div>
</div>
`;
